82 projets avec un rendu final de moins de 14 jours
  + remake-Dc3njxeoE0d  (37.4 Mo)
  + remake-Dc32dvWM9dg  (11.1 Mo)
  + remake-Dc3vTp6sLMv  (22.5 Mo)
  + journal-ia-2026-09-06  (10.7 Mo)
  + befresh-marche-nuit  (2.3 Mo)
  + prompt-reveal-voiture  (15.5 Mo)
  + autoboost-liste-3-ressources  (15.9 Mo)
  + secteur2-voyage  (6.7 Mo)
  + secteur2-solaire  (6.8 Mo)
  + secteur2-sante  (6.2 Mo)
  + secteur2-resto  (6.8 Mo)
  + secteur2-immo  (6.7 Mo)
  + secteur2-garage  (6.6 Mo)
  + secteur2-event  (6.9 Mo)
  + secteur2-beaute  (6.7 Mo)
  + secteur2-avocat  (6.6 Mo)
  + secteur2-artisan  (6.4 Mo)
  + reel-probabilites  (15.8 Mo)
  + pub-top3-objections  (13.2 Mo)
  + pub-shortforge  (11 Mo)
  + secteur-voyage  (8 Mo)
  + secteur-solaire  (10.2 Mo)
  + secteur-sante  (9.8 Mo)
  + secteur-resto  (9.6 Mo)
  + secteur-immo  (10 Mo)
  + secteur-garage  (7.1 Mo)
  + secteur-event  (10.1 Mo)
  + secteur-beaute  (7.9 Mo)
  + secteur-avocat  (8 Mo)
  + secteur-artisan  (7.2 Mo)
  + autoboost-serie-2-avatar  (10.5 Mo)
  + autoboost-formation-vente  (10.9 Mo)
SOURCES_DONE 82 entrées · 32 nouvelles routes
